// Jest Snapshot v1, https://goo.gl/fbAQLP

exports[`renders correctly 1`] = `
<RCTSafeAreaView
  emulateUnlessSupported={true}
  style={
    Object {
      "alignContent": "center",
      "backgroundColor": "white",
      "display": "flex",
      "flex": 1,
      "flexDirection": "column",
      "justifyContent": "flex-start",
    }
  }
>
  <View
    style={
      Object {
        "backgroundColor": "white",
        "padding": 10,
        "paddingBottom": 0,
      }
    }
  >
    <View
      style={
        Object {
          "alignContent": "center",
          "display": "flex",
          "flexDirection": "row",
          "justifyContent": "space-between",
          "padding": 6,
        }
      }
    >
      <Text
        style={
          Object {
            "fontSize": 18,
          }
        }
      >
        Add Product
      </Text>
      <View
        style={
          Object {
            "backgroundColor": "#7ABCDD",
            "color": "#7ABCDD",
            "fontSize": 15,
            "fontWeight": "bold",
            "margin": 0,
            "padding": 0,
            "width": 250,
          }
        }
      >
        <RNCPicker
          items={
            Array [
              Object {
                "label": "State Selected: AK - 5.0%",
                "testID": undefined,
                "textColor": undefined,
                "value": "0.05",
              },
              Object {
                "label": "State Selected: AL - 6.0%",
                "testID": undefined,
                "textColor": undefined,
                "value": "0.06",
              },
              Object {
                "label": "State Selected: AR - 3.0%",
                "testID": undefined,
                "textColor": undefined,
                "value": "0.03",
              },
              Object {
                "label": "State Selected: AS - 5.7%",
                "testID": undefined,
                "textColor": undefined,
                "value": "0.057",
              },
              Object {
                "label": "State Selected: AZ - 10.0%",
                "testID": undefined,
                "textColor": undefined,
                "value": "0.1",
              },
            ]
          }
          onChange={[Function]}
          selectedIndex={0}
          style={
            Array [
              Object {
                "height": 216,
              },
              undefined,
            ]
          }
        />
      </View>
    </View>
    <TextInput
      allowFontScaling={true}
      onChangeText={[Function]}
      placeholder="Enter Product Label"
      rejectResponderTermination={true}
      style={
        Object {
          "borderColor": "#E7E7E7",
          "borderRadius": 4,
          "borderWidth": 1,
          "fontSize": 16,
          "margin": 2,
          "marginBottom": 3,
          "marginVertical": 8,
          "padding": 8,
        }
      }
      underlineColorAndroid="transparent"
      value=""
    />
    <Text
      style={
        Object {
          "color": "red",
          "fontSize": 12,
        }
      }
    />
    <View
      style={
        Array [
          Object {
            "display": "flex",
            "flexDirection": "row",
          },
          Object {
            "justifyContent": "space-between",
          },
        ]
      }
    >
      <View
        style={
          Array [
            Object {
              "display": "flex",
              "flexDirection": "row",
            },
            Object {
              "justifyContent": "flex-start",
            },
          ]
        }
      >
        <View
          style={
            Array [
              Object {
                "alignContent": "center",
                "display": "flex",
                "flexDirection": "row",
                "justifyContent": "space-between",
                "padding": 6,
              },
              Object {
                "padding": 0,
              },
            ]
          }
        >
          <TextInput
            allowFontScaling={true}
            keyboardType="numeric"
            onChangeText={[Function]}
            placeholder="Enter Price"
            rejectResponderTermination={true}
            style={
              Array [
                Object {
                  "borderColor": "#E7E7E7",
                  "borderRadius": 4,
                  "borderWidth": 1,
                  "fontSize": 16,
                  "margin": 2,
                  "marginBottom": 3,
                  "marginVertical": 8,
                  "padding": 8,
                },
                Object {
                  "marginRight": 10,
                  "width": 120,
                },
                undefined,
                Object {
                  "width": 130,
                },
              ]
            }
            underlineColorAndroid="transparent"
            value=""
          />
          <TextInput
            allowFontScaling={true}
            keyboardType="numeric"
            onChangeText={[Function]}
            placeholder="Enter Quantity"
            rejectResponderTermination={true}
            style={
              Array [
                Object {
                  "borderColor": "#E7E7E7",
                  "borderRadius": 4,
                  "borderWidth": 1,
                  "fontSize": 16,
                  "margin": 2,
                  "marginBottom": 3,
                  "marginVertical": 8,
                  "padding": 8,
                },
                Object {
                  "marginRight": 10,
                  "width": 120,
                },
                Object {
                  "width": 140,
                },
              ]
            }
            underlineColorAndroid="transparent"
            value=""
          />
        </View>
      </View>
      <View
        style={
          Object {
            "display": "flex",
            "flexDirection": "column",
            "justifyContent": "center",
          }
        }
      >
        <Text
          onPress={[Function]}
          style={
            Object {
              "alignItems": "center",
              "color": "#7ABCDD",
              "fontSize": 15,
              "fontWeight": "bold",
              "marginRight": 10,
            }
          }
        >
          Add to list
        </Text>
      </View>
    </View>
    <View
      style={
        Object {
          "display": "flex",
        }
      }
    >
      <Text
        style={
          Object {
            "color": "red",
            "fontSize": 12,
          }
        }
      />
      <Text
        style={
          Object {
            "color": "red",
            "fontSize": 12,
          }
        }
      />
    </View>
  </View>
  <RCTScrollView>
    <View>
      <View
        style={
          Array [
            Object {
              "width": "100%",
            },
            undefined,
          ]
        }
      >
        <View
          style={
            Array [
              Object {
                "borderBottomWidth": 1,
                "flexDirection": "row",
                "height": 48,
                "paddingHorizontal": 16,
              },
              Object {
                "borderBottomColor": "rgba(0, 0, 0, 0.12)",
              },
              undefined,
            ]
          }
        >
          <View
            accessible={true}
            focusable={false}
            onClick={[Function]}
            onResponderGrant={[Function]}
            onResponderMove={[Function]}
            onResponderRelease={[Function]}
            onResponderTerminate={[Function]}
            onResponderTerminationRequest={[Function]}
            onStartShouldSetResponder={[Function]}
            style={
              Array [
                Object {
                  "alignContent": "center",
                  "flex": 1,
                  "flexDirection": "row",
                  "paddingVertical": 12,
                },
                undefined,
                undefined,
              ]
            }
          >
            <Text
              numberOfLines={1}
              style={
                Array [
                  Object {
                    "color": "#000000",
                    "fontFamily": "System",
                    "fontWeight": "400",
                  },
                  Object {
                    "textAlign": "left",
                  },
                  Array [
                    Object {
                      "alignItems": "center",
                      "fontSize": 12,
                      "fontWeight": "500",
                      "height": 24,
                      "lineHeight": 24,
                    },
                    Object {
                      "color": "rgba(0, 0, 0, 0.6)",
                    },
                  ],
                ]
              }
            >
              Name
            </Text>
          </View>
          <View
            accessible={true}
            focusable={false}
            onClick={[Function]}
            onResponderGrant={[Function]}
            onResponderMove={[Function]}
            onResponderRelease={[Function]}
            onResponderTerminate={[Function]}
            onResponderTerminationRequest={[Function]}
            onStartShouldSetResponder={[Function]}
            style={
              Array [
                Object {
                  "alignContent": "center",
                  "flex": 1,
                  "flexDirection": "row",
                  "paddingVertical": 12,
                },
                Object {
                  "justifyContent": "flex-end",
                },
                undefined,
              ]
            }
          >
            <Text
              numberOfLines={1}
              style={
                Array [
                  Object {
                    "color": "#000000",
                    "fontFamily": "System",
                    "fontWeight": "400",
                  },
                  Object {
                    "textAlign": "left",
                  },
                  Array [
                    Object {
                      "alignItems": "center",
                      "fontSize": 12,
                      "fontWeight": "500",
                      "height": 24,
                      "lineHeight": 24,
                    },
                    Object {
                      "color": "rgba(0, 0, 0, 0.6)",
                    },
                  ],
                ]
              }
            >
              Nos.
            </Text>
          </View>
          <View
            accessible={true}
            focusable={false}
            onClick={[Function]}
            onResponderGrant={[Function]}
            onResponderMove={[Function]}
            onResponderRelease={[Function]}
            onResponderTerminate={[Function]}
            onResponderTerminationRequest={[Function]}
            onStartShouldSetResponder={[Function]}
            style={
              Array [
                Object {
                  "alignContent": "center",
                  "flex": 1,
                  "flexDirection": "row",
                  "paddingVertical": 12,
                },
                Object {
                  "justifyContent": "flex-end",
                },
                undefined,
              ]
            }
          >
            <Text
              numberOfLines={1}
              style={
                Array [
                  Object {
                    "color": "#000000",
                    "fontFamily": "System",
                    "fontWeight": "400",
                  },
                  Object {
                    "textAlign": "left",
                  },
                  Array [
                    Object {
                      "alignItems": "center",
                      "fontSize": 12,
                      "fontWeight": "500",
                      "height": 24,
                      "lineHeight": 24,
                    },
                    Object {
                      "color": "rgba(0, 0, 0, 0.6)",
                    },
                  ],
                ]
              }
            >
              Price
            </Text>
          </View>
          <View
            accessible={true}
            focusable={false}
            onClick={[Function]}
            onResponderGrant={[Function]}
            onResponderMove={[Function]}
            onResponderRelease={[Function]}
            onResponderTerminate={[Function]}
            onResponderTerminationRequest={[Function]}
            onStartShouldSetResponder={[Function]}
            style={
              Array [
                Object {
                  "alignContent": "center",
                  "flex": 1,
                  "flexDirection": "row",
                  "paddingVertical": 12,
                },
                Object {
                  "justifyContent": "flex-end",
                },
                undefined,
              ]
            }
          >
            <Text
              numberOfLines={1}
              style={
                Array [
                  Object {
                    "color": "#000000",
                    "fontFamily": "System",
                    "fontWeight": "400",
                  },
                  Object {
                    "textAlign": "left",
                  },
                  Array [
                    Object {
                      "alignItems": "center",
                      "fontSize": 12,
                      "fontWeight": "500",
                      "height": 24,
                      "lineHeight": 24,
                    },
                    Object {
                      "color": "rgba(0, 0, 0, 0.6)",
                    },
                  ],
                ]
              }
            >
              Total Price
            </Text>
          </View>
        </View>
        <RCTScrollView
          style={
            Object {
              "paddingHorizontal": 10,
            }
          }
        >
          <View>
            <View
              accessible={true}
              focusable={false}
              onClick={[Function]}
              onResponderGrant={[Function]}
              onResponderMove={[Function]}
              onResponderRelease={[Function]}
              onResponderTerminate={[Function]}
              onResponderTerminationRequest={[Function]}
              onStartShouldSetResponder={[Function]}
              style={
                Array [
                  false,
                  Array [
                    Object {
                      "borderBottomWidth": 0.5,
                      "borderStyle": "solid",
                      "minHeight": 48,
                      "paddingHorizontal": 16,
                    },
                    Object {
                      "borderBottomColor": "rgba(0, 0, 0, 0.12)",
                    },
                    Object {
                      "borderBottomColor": "#E7E7E7",
                      "borderColor": "white",
                      "borderWidth": 2,
                    },
                  ],
                ]
              }
            >
              <View
                style={
                  Object {
                    "flex": 1,
                    "flexDirection": "row",
                  }
                }
              />
            </View>
            <View
              accessible={true}
              focusable={false}
              onClick={[Function]}
              onResponderGrant={[Function]}
              onResponderMove={[Function]}
              onResponderRelease={[Function]}
              onResponderTerminate={[Function]}
              onResponderTerminationRequest={[Function]}
              onStartShouldSetResponder={[Function]}
              style={
                Array [
                  false,
                  Array [
                    Object {
                      "borderBottomWidth": 0.5,
                      "borderStyle": "solid",
                      "minHeight": 48,
                      "paddingHorizontal": 16,
                    },
                    Object {
                      "borderBottomColor": "rgba(0, 0, 0, 0.12)",
                    },
                    Object {
                      "borderBottomColor": "#E7E7E7",
                      "borderColor": "white",
                      "borderWidth": 2,
                    },
                  ],
                ]
              }
            >
              <View
                style={
                  Object {
                    "flex": 1,
                    "flexDirection": "row",
                  }
                }
              />
            </View>
            <View
              accessible={true}
              focusable={false}
              onClick={[Function]}
              onResponderGrant={[Function]}
              onResponderMove={[Function]}
              onResponderRelease={[Function]}
              onResponderTerminate={[Function]}
              onResponderTerminationRequest={[Function]}
              onStartShouldSetResponder={[Function]}
              style={
                Array [
                  false,
                  Array [
                    Object {
                      "borderBottomWidth": 0.5,
                      "borderStyle": "solid",
                      "minHeight": 48,
                      "paddingHorizontal": 16,
                    },
                    Object {
                      "borderBottomColor": "rgba(0, 0, 0, 0.12)",
                    },
                    Object {
                      "borderBottomColor": "#E7E7E7",
                      "borderColor": "white",
                      "borderWidth": 2,
                    },
                  ],
                ]
              }
            >
              <View
                style={
                  Object {
                    "flex": 1,
                    "flexDirection": "row",
                  }
                }
              />
            </View>
            <View
              accessible={true}
              focusable={false}
              onClick={[Function]}
              onResponderGrant={[Function]}
              onResponderMove={[Function]}
              onResponderRelease={[Function]}
              onResponderTerminate={[Function]}
              onResponderTerminationRequest={[Function]}
              onStartShouldSetResponder={[Function]}
              style={
                Array [
                  false,
                  Array [
                    Object {
                      "borderBottomWidth": 0.5,
                      "borderStyle": "solid",
                      "minHeight": 48,
                      "paddingHorizontal": 16,
                    },
                    Object {
                      "borderBottomColor": "rgba(0, 0, 0, 0.12)",
                    },
                    Object {
                      "borderBottomColor": "#E7E7E7",
                      "borderColor": "white",
                      "borderWidth": 2,
                    },
                  ],
                ]
              }
            >
              <View
                style={
                  Object {
                    "flex": 1,
                    "flexDirection": "row",
                  }
                }
              />
            </View>
            <View
              accessible={true}
              focusable={false}
              onClick={[Function]}
              onResponderGrant={[Function]}
              onResponderMove={[Function]}
              onResponderRelease={[Function]}
              onResponderTerminate={[Function]}
              onResponderTerminationRequest={[Function]}
              onStartShouldSetResponder={[Function]}
              style={
                Array [
                  false,
                  Array [
                    Object {
                      "borderBottomWidth": 0.5,
                      "borderStyle": "solid",
                      "minHeight": 48,
                      "paddingHorizontal": 16,
                    },
                    Object {
                      "borderBottomColor": "rgba(0, 0, 0, 0.12)",
                    },
                    Object {
                      "borderBottomColor": "#E7E7E7",
                      "borderColor": "white",
                      "borderWidth": 2,
                    },
                  ],
                ]
              }
            >
              <View
                style={
                  Object {
                    "flex": 1,
                    "flexDirection": "row",
                  }
                }
              />
            </View>
            <View
              accessible={true}
              focusable={false}
              onClick={[Function]}
              onResponderGrant={[Function]}
              onResponderMove={[Function]}
              onResponderRelease={[Function]}
              onResponderTerminate={[Function]}
              onResponderTerminationRequest={[Function]}
              onStartShouldSetResponder={[Function]}
              style={
                Array [
                  false,
                  Array [
                    Object {
                      "borderBottomWidth": 0.5,
                      "borderStyle": "solid",
                      "minHeight": 48,
                      "paddingHorizontal": 16,
                    },
                    Object {
                      "borderBottomColor": "rgba(0, 0, 0, 0.12)",
                    },
                    Object {
                      "borderBottomColor": "#E7E7E7",
                      "borderColor": "white",
                      "borderWidth": 2,
                    },
                  ],
                ]
              }
            >
              <View
                style={
                  Object {
                    "flex": 1,
                    "flexDirection": "row",
                  }
                }
              />
            </View>
            <View
              accessible={true}
              focusable={false}
              onClick={[Function]}
              onResponderGrant={[Function]}
              onResponderMove={[Function]}
              onResponderRelease={[Function]}
              onResponderTerminate={[Function]}
              onResponderTerminationRequest={[Function]}
              onStartShouldSetResponder={[Function]}
              style={
                Array [
                  false,
                  Array [
                    Object {
                      "borderBottomWidth": 0.5,
                      "borderStyle": "solid",
                      "minHeight": 48,
                      "paddingHorizontal": 16,
                    },
                    Object {
                      "borderBottomColor": "rgba(0, 0, 0, 0.12)",
                    },
                    Object {
                      "borderBottomColor": "#E7E7E7",
                      "borderColor": "white",
                      "borderWidth": 2,
                    },
                  ],
                ]
              }
            >
              <View
                style={
                  Object {
                    "flex": 1,
                    "flexDirection": "row",
                  }
                }
              />
            </View>
          </View>
        </RCTScrollView>
      </View>
    </View>
  </RCTScrollView>
  <View
    style={
      Array [
        Object {
          "backgroundColor": "#fff",
        },
        Array [
          Object {
            "backgroundColor": "white",
            "bottom": 0,
            "padding": 10,
          },
          Object {
            "display": "flex",
          },
        ],
      ]
    }
  >
    <Text
      style={
        Object {
          "fontSize": 16,
          "marginVertical": 10,
        }
      }
    >
      Total price without tax: $
      0
    </Text>
    <Text
      style={
        Object {
          "fontSize": 16,
          "marginVertical": 10,
        }
      }
    >
      Discount 3.0%: $0.00
    </Text>
    <Text
      style={
        Object {
          "fontSize": 16,
          "marginVertical": 10,
        }
      }
    >
      Tax 5.0%: $0.00
    </Text>
    <Text
      style={
        Array [
          Object {
            "fontSize": 16,
            "marginVertical": 10,
          },
          Object {
            "fontWeight": "bold",
          },
        ]
      }
    >
      Total price: $0.00
    </Text>
  </View>
</RCTSafeAreaView>
`;
